---
source: seance/tests/snapshot_tests.rs
expression: "&resolved_paths"
---
{}
