---
source: seance/tests/snapshot_tests.rs
expression: "&pcl"
---
%-12345XE!m4NLogo!v16R1111111111111111!v64I0400040004000400040004000400040004000400040004000400040004000400!v64V0020002000200020002000200020002000200020002000200020002000200020!v64P0100010001000100010001000100010001000100010001000100010001000100!v16D*t508R&u508R!r0N%1A!r1000I!r1000K!r500P*t508R&u508R!m0S!s1S%1BIN;SC;PU;SP1;LT;PU0,18528;PU0,18528;SP0;EC0;EC1;OE;%1AE%-12345X
