---
source: seance/tests/snapshot_tests.rs
expression: "&paths"
---
{}
